// Jest Snapshot v1, https://goo.gl/fbAQLP

exports[`renders correctly 1`] = `
<View
  onLayout={[Function]}
  style={
    Array [
      Object {
        "flex": 1,
      },
      Object {
        "paddingBottom": 0,
      },
    ]
  }
>
  <RCTSafeAreaView
    accessible={true}
    focusable={true}
    onClick={[Function]}
    onResponderGrant={[Function]}
    onResponderMove={[Function]}
    onResponderRelease={[Function]}
    onResponderTerminate={[Function]}
    onResponderTerminationRequest={[Function]}
    onStartShouldSetResponder={[Function]}
    style={
      Object {
        "flex": 1,
      }
    }
  >
    <View
      contentContainerStyle={
        Object {
          "flexGrow": undefined,
        }
      }
      style={
        Object {
          "alignItems": "center",
          "backgroundColor": "#FFFFFF",
          "flex": 1,
          "height": undefined,
          "justifyContent": "center",
          "margin": "auto",
          "padding": "2%",
          "width": "100%",
        }
      }
    >
      <Image
        source={1}
      />
      <View
        style={
          Object {
            "paddingHorizontal": 10,
            "width": "100%",
          }
        }
        testID="RNE__Input__view-wrapper"
      >
        <Text
          style={
            Object {
              "color": undefined,
              "fontSize": 16,
              "fontWeight": "bold",
            }
          }
        >
          Email
        </Text>
        <View
          collapsable={false}
          style={
            Object {
              "alignItems": "center",
              "borderBottomWidth": 1,
              "borderColor": undefined,
              "flexDirection": "row",
              "transform": Array [
                Object {
                  "translateX": 0,
                },
              ],
            }
          }
        >
          <TextInput
            autoCapitalize="none"
            autoCorrect={false}
            editable={true}
            onBlur={[Function]}
            onChangeText={[Function]}
            placeholder="Enter email"
            style={
              Object {
                "color": undefined,
                "flex": 1,
                "fontSize": 18,
                "minHeight": 40,
              }
            }
            testID="RNE__Input__text-input"
            underlineColorAndroid="transparent"
            value=""
          />
        </View>
        <Text
          style={
            Object {
              "color": undefined,
              "fontSize": 12,
              "margin": 5,
            }
          }
        />
      </View>
      <View
        style={
          Object {
            "paddingHorizontal": 10,
            "width": "100%",
          }
        }
        testID="RNE__Input__view-wrapper"
      >
        <Text
          style={
            Object {
              "color": undefined,
              "fontSize": 16,
              "fontWeight": "bold",
            }
          }
        >
          Password
        </Text>
        <View
          collapsable={false}
          style={
            Object {
              "alignItems": "center",
              "borderBottomWidth": 1,
              "borderColor": undefined,
              "flexDirection": "row",
              "transform": Array [
                Object {
                  "translateX": 0,
                },
              ],
            }
          }
        >
          <TextInput
            autoCapitalize="none"
            autoCorrect={false}
            editable={true}
            onBlur={[Function]}
            onChangeText={[Function]}
            placeholder="Enter password"
            secureTextEntry={true}
            style={
              Object {
                "color": undefined,
                "flex": 1,
                "fontSize": 18,
                "minHeight": 40,
              }
            }
            testID="RNE__Input__text-input"
            underlineColorAndroid="transparent"
            value=""
          />
        </View>
        <Text
          style={
            Object {
              "color": undefined,
              "fontSize": 12,
              "margin": 5,
            }
          }
        />
      </View>
      <View
        style={
          Array [
            Object {
              "overflow": "hidden",
            },
            Object {
              "borderRadius": 0,
            },
            Object {
              "marginHorizontal": 10,
              "marginVertical": 10,
              "width": 200,
            },
            false,
          ]
        }
        testID="RNE_BUTTON_WRAPPER"
      >
        <View
          accessibilityRole="button"
          accessibilityState={
            Object {
              "busy": false,
              "disabled": false,
            }
          }
          accessible={true}
          collapsable={false}
          focusable={true}
          onClick={[Function]}
          onResponderGrant={[Function]}
          onResponderMove={[Function]}
          onResponderRelease={[Function]}
          onResponderTerminate={[Function]}
          onResponderTerminationRequest={[Function]}
          onStartShouldSetResponder={[Function]}
          style={
            Object {
              "opacity": 1,
            }
          }
        >
          <View
            style={
              Object {
                "alignItems": "center",
                "backgroundColor": "#000000",
                "borderColor": "#000000",
                "borderRadius": 30,
                "borderWidth": 2,
                "flexDirection": "row",
                "justifyContent": "center",
                "padding": undefined,
                "paddingHorizontal": NaN,
              }
            }
          >
            <Text
              style={
                Object {
                  "color": "white",
                  "fontSize": 18,
                  "paddingVertical": 1,
                  "textAlign": "center",
                }
              }
            >
              Sign in
            </Text>
          </View>
        </View>
      </View>
      <Text
        accessibilityRole="text"
        style={
          Object {
            "color": undefined,
          }
        }
      />
      <View
        style={
          Object {
            "alignItems": "baseline",
            "flexDirection": "row",
            "justifyContent": "center",
          }
        }
      >
        <Text
          accessibilityRole="text"
          style={
            Object {
              "color": undefined,
            }
          }
        >
          New to Free To Be Nourished?
        </Text>
        <View
          style={
            Array [
              Object {
                "overflow": "hidden",
              },
              Object {
                "borderRadius": 0,
              },
              undefined,
              false,
            ]
          }
          testID="RNE_BUTTON_WRAPPER"
        >
          <View
            accessibilityRole="button"
            accessibilityState={
              Object {
                "busy": false,
                "disabled": false,
              }
            }
            accessible={true}
            collapsable={false}
            focusable={true}
            onClick={[Function]}
            onResponderGrant={[Function]}
            onResponderMove={[Function]}
            onResponderRelease={[Function]}
            onResponderTerminate={[Function]}
            onResponderTerminationRequest={[Function]}
            onStartShouldSetResponder={[Function]}
            style={
              Object {
                "opacity": 1,
              }
            }
          >
            <View
              style={
                Object {
                  "alignItems": "center",
                  "backgroundColor": "transparent",
                  "borderColor": "#000000",
                  "borderRadius": 0,
                  "borderWidth": 0,
                  "flexDirection": "row",
                  "justifyContent": "center",
                  "padding": undefined,
                  "paddingHorizontal": NaN,
                }
              }
            >
              <Text
                style={
                  Object {
                    "color": "#000000",
                    "fontSize": 18,
                    "paddingVertical": 1,
                    "textAlign": "center",
                  }
                }
              >
                Register
              </Text>
            </View>
          </View>
        </View>
      </View>
      <View
        style={
          Array [
            Object {
              "overflow": "hidden",
            },
            Object {
              "borderRadius": 0,
            },
            Object {
              "marginHorizontal": 10,
              "marginVertical": 10,
              "width": 200,
            },
            false,
          ]
        }
        testID="RNE_BUTTON_WRAPPER"
      >
        <View
          accessibilityRole="button"
          accessibilityState={
            Object {
              "busy": false,
              "disabled": false,
            }
          }
          accessible={true}
          collapsable={false}
          focusable={true}
          onClick={[Function]}
          onResponderGrant={[Function]}
          onResponderMove={[Function]}
          onResponderRelease={[Function]}
          onResponderTerminate={[Function]}
          onResponderTerminationRequest={[Function]}
          onStartShouldSetResponder={[Function]}
          style={
            Object {
              "opacity": 1,
            }
          }
        >
          <View
            style={
              Object {
                "alignItems": "center",
                "backgroundColor": "#000000",
                "borderColor": "#000000",
                "borderRadius": 30,
                "borderWidth": 2,
                "flexDirection": "row",
                "justifyContent": "center",
                "padding": undefined,
                "paddingHorizontal": NaN,
              }
            }
          >
            <Text
              style={
                Object {
                  "color": "white",
                  "fontSize": 18,
                  "paddingVertical": 1,
                  "textAlign": "center",
                }
              }
            >
              Guest Login
            </Text>
          </View>
        </View>
      </View>
    </View>
  </RCTSafeAreaView>
</View>
`;
